FL_XGB | WARNING flwr 2026-01-17 09:56:21,144 | logger.py:226 | DEPRECATED FEATURE: flwr.simulation.start_simulation() is deprecated.
	Instead, use the `flwr run` CLI command to start a local simulation in your Flower app, as shown for example below:

		$ flwr new  # Create a new Flower app from a template

		$ flwr run  # Run the Flower app in Simulation Mode

	Using `start_simulation()` is deprecated.

            This is a deprecated feature. It will be removed
            entirely in future versions of Flower.
        
FL_XGB | INFO flwr 2026-01-17 09:56:21,146 | legacy_app.py:241 | Starting Flower simulation, config: num_rounds=1, no round_timeout
FL_XGB | INFO flwr 2026-01-17 09:56:25,874 | legacy_app.py:264 | Flower VCE: Ray initialized with resources: {'node:__internal_head__': 1.0, 'node:172.26.1.195': 1.0, 'CPU': 64.0, 'memory': 110069665588.0, 'object_store_memory': 51458428108.0, 'GPU': 2.0, 'accelerator_type:H100': 1.0}
FL_XGB | INFO flwr 2026-01-17 09:56:25,875 | legacy_app.py:270 | Optimize your simulation with Flower VCE: https://flower.ai/docs/framework/how-to-run-simulations.html
FL_XGB | INFO flwr 2026-01-17 09:56:25,875 | legacy_app.py:293 | Flower VCE: Resources for each Virtual Client: {'num_cpus': 1}
FL_XGB | INFO flwr 2026-01-17 09:56:25,908 | legacy_app.py:339 | Flower VCE: Creating VirtualClientEngineActorPool with 64 actors
FL_XGB | INFO flwr 2026-01-17 09:56:25,908 | server.py:92 | [INIT]
FL_XGB | INFO flwr 2026-01-17 09:56:25,908 | server.py:281 | Requesting initial parameters from one random client
FL_XGB | ERROR flwr 2026-01-17 09:56:28,563 | ray_client_proxy.py:107 | Traceback (most recent call last):
  File "/home/amoleri/miniconda3/envs/federatedfactory_env/lib/python3.10/site-packages/flwr/simulation/ray_transport/ray_client_proxy.py", line 95, in _submit_job
    out_mssg, updated_context = self.actor_pool.get_client_result(
  File "/home/amoleri/miniconda3/envs/federatedfactory_env/lib/python3.10/site-packages/flwr/simulation/ray_transport/ray_actor.py", line 401, in get_client_result
    return self._fetch_future_result(cid)
  File "/home/amoleri/miniconda3/envs/federatedfactory_env/lib/python3.10/site-packages/flwr/simulation/ray_transport/ray_actor.py", line 282, in _fetch_future_result
    res_cid, out_mssg, updated_context = ray.get(
  File "/home/amoleri/miniconda3/envs/federatedfactory_env/lib/python3.10/site-packages/ray/_private/auto_init_hook.py", line 21, in auto_init_wrapper
    return fn(*args, **kwargs)
  File "/home/amoleri/miniconda3/envs/federatedfactory_env/lib/python3.10/site-packages/ray/_private/client_mode_hook.py", line 103, in wrapper
    return func(*args, **kwargs)
  File "/home/amoleri/miniconda3/envs/federatedfactory_env/lib/python3.10/site-packages/ray/_private/worker.py", line 2639, in get
    values, debugger_breakpoint = worker.get_objects(object_refs, timeout=timeout)
  File "/home/amoleri/miniconda3/envs/federatedfactory_env/lib/python3.10/site-packages/ray/_private/worker.py", line 864, in get_objects
    raise value.as_instanceof_cause()
ray.exceptions.RayTaskError(ClientAppException): [36mray::ClientAppActor.run()[39m (pid=4182505, ip=172.26.1.195, actor_id=22e2382d2b89cab388b4662b01000000, repr=<flwr.simulation.ray_transport.ray_actor.ClientAppActor object at 0x7746c06cf850>)
  File "/home/amoleri/miniconda3/envs/federatedfactory_env/lib/python3.10/site-packages/flwr/clientapp/client_app.py", line 144, in __call__
    return self._call(message, context)
  File "/home/amoleri/miniconda3/envs/federatedfactory_env/lib/python3.10/site-packages/flwr/clientapp/client_app.py", line 128, in ffn
    out_message = handle_legacy_message_from_msgtype(
  File "/home/amoleri/miniconda3/envs/federatedfactory_env/lib/python3.10/site-packages/flwr/client/message_handler/message_handler.py", line 119, in handle_legacy_message_from_msgtype
    get_parameters_res = maybe_call_get_parameters(
  File "/home/amoleri/miniconda3/envs/federatedfactory_env/lib/python3.10/site-packages/flwr/client/client.py", line 204, in maybe_call_get_parameters
    return client.get_parameters(get_parameters_ins)
  File "/hri/rawstreams/user/Interno/Moleri/PycharmProjects/FederatedFactory/bonus/baseline_central/tabular_xgboost.py", line 204, in get_parameters
    return GetPropertiesRes(properties={})
TypeError: GetPropertiesRes.__init__() missing 1 required positional argument: 'status'

The above exception was the direct cause of the following exception:

[36mray::ClientAppActor.run()[39m (pid=4182505, ip=172.26.1.195, actor_id=22e2382d2b89cab388b4662b01000000, repr=<flwr.simulation.ray_transport.ray_actor.ClientAppActor object at 0x7746c06cf850>)
  File "/home/amoleri/miniconda3/envs/federatedfactory_env/lib/python3.10/site-packages/flwr/simulation/ray_transport/ray_actor.py", line 64, in run
    raise ClientAppException(str(ex)) from ex
flwr.clientapp.client_app.ClientAppException: 
Exception ClientAppException occurred. Message: GetPropertiesRes.__init__() missing 1 required positional argument: 'status'

FL_XGB | ERROR flwr 2026-01-17 09:56:28,563 | ray_client_proxy.py:108 | [36mray::ClientAppActor.run()[39m (pid=4182505, ip=172.26.1.195, actor_id=22e2382d2b89cab388b4662b01000000, repr=<flwr.simulation.ray_transport.ray_actor.ClientAppActor object at 0x7746c06cf850>)
  File "/home/amoleri/miniconda3/envs/federatedfactory_env/lib/python3.10/site-packages/flwr/clientapp/client_app.py", line 144, in __call__
    return self._call(message, context)
  File "/home/amoleri/miniconda3/envs/federatedfactory_env/lib/python3.10/site-packages/flwr/clientapp/client_app.py", line 128, in ffn
    out_message = handle_legacy_message_from_msgtype(
  File "/home/amoleri/miniconda3/envs/federatedfactory_env/lib/python3.10/site-packages/flwr/client/message_handler/message_handler.py", line 119, in handle_legacy_message_from_msgtype
    get_parameters_res = maybe_call_get_parameters(
  File "/home/amoleri/miniconda3/envs/federatedfactory_env/lib/python3.10/site-packages/flwr/client/client.py", line 204, in maybe_call_get_parameters
    return client.get_parameters(get_parameters_ins)
  File "/hri/rawstreams/user/Interno/Moleri/PycharmProjects/FederatedFactory/bonus/baseline_central/tabular_xgboost.py", line 204, in get_parameters
    return GetPropertiesRes(properties={})
TypeError: GetPropertiesRes.__init__() missing 1 required positional argument: 'status'

The above exception was the direct cause of the following exception:

[36mray::ClientAppActor.run()[39m (pid=4182505, ip=172.26.1.195, actor_id=22e2382d2b89cab388b4662b01000000, repr=<flwr.simulation.ray_transport.ray_actor.ClientAppActor object at 0x7746c06cf850>)
  File "/home/amoleri/miniconda3/envs/federatedfactory_env/lib/python3.10/site-packages/flwr/simulation/ray_transport/ray_actor.py", line 64, in run
    raise ClientAppException(str(ex)) from ex
flwr.clientapp.client_app.ClientAppException: 
Exception ClientAppException occurred. Message: GetPropertiesRes.__init__() missing 1 required positional argument: 'status'
FL_XGB | ERROR flwr 2026-01-17 09:56:28,563 | legacy_app.py:366 | [36mray::ClientAppActor.run()[39m (pid=4182505, ip=172.26.1.195, actor_id=22e2382d2b89cab388b4662b01000000, repr=<flwr.simulation.ray_transport.ray_actor.ClientAppActor object at 0x7746c06cf850>)
  File "/home/amoleri/miniconda3/envs/federatedfactory_env/lib/python3.10/site-packages/flwr/clientapp/client_app.py", line 144, in __call__
    return self._call(message, context)
  File "/home/amoleri/miniconda3/envs/federatedfactory_env/lib/python3.10/site-packages/flwr/clientapp/client_app.py", line 128, in ffn
    out_message = handle_legacy_message_from_msgtype(
  File "/home/amoleri/miniconda3/envs/federatedfactory_env/lib/python3.10/site-packages/flwr/client/message_handler/message_handler.py", line 119, in handle_legacy_message_from_msgtype
    get_parameters_res = maybe_call_get_parameters(
  File "/home/amoleri/miniconda3/envs/federatedfactory_env/lib/python3.10/site-packages/flwr/client/client.py", line 204, in maybe_call_get_parameters
    return client.get_parameters(get_parameters_ins)
  File "/hri/rawstreams/user/Interno/Moleri/PycharmProjects/FederatedFactory/bonus/baseline_central/tabular_xgboost.py", line 204, in get_parameters
    return GetPropertiesRes(properties={})
TypeError: GetPropertiesRes.__init__() missing 1 required positional argument: 'status'

The above exception was the direct cause of the following exception:

[36mray::ClientAppActor.run()[39m (pid=4182505, ip=172.26.1.195, actor_id=22e2382d2b89cab388b4662b01000000, repr=<flwr.simulation.ray_transport.ray_actor.ClientAppActor object at 0x7746c06cf850>)
  File "/home/amoleri/miniconda3/envs/federatedfactory_env/lib/python3.10/site-packages/flwr/simulation/ray_transport/ray_actor.py", line 64, in run
    raise ClientAppException(str(ex)) from ex
flwr.clientapp.client_app.ClientAppException: 
Exception ClientAppException occurred. Message: GetPropertiesRes.__init__() missing 1 required positional argument: 'status'
FL_XGB | ERROR flwr 2026-01-17 09:56:28,565 | legacy_app.py:367 | Traceback (most recent call last):
  File "/home/amoleri/miniconda3/envs/federatedfactory_env/lib/python3.10/site-packages/flwr/simulation/legacy_app.py", line 361, in start_simulation
    hist = run_fl(
  File "/home/amoleri/miniconda3/envs/federatedfactory_env/lib/python3.10/site-packages/flwr/server/server.py", line 492, in run_fl
    hist, elapsed_time = server.fit(
  File "/home/amoleri/miniconda3/envs/federatedfactory_env/lib/python3.10/site-packages/flwr/server/server.py", line 93, in fit
    self.parameters = self._get_initial_parameters(server_round=0, timeout=timeout)
  File "/home/amoleri/miniconda3/envs/federatedfactory_env/lib/python3.10/site-packages/flwr/server/server.py", line 284, in _get_initial_parameters
    get_parameters_res = random_client.get_parameters(
  File "/home/amoleri/miniconda3/envs/federatedfactory_env/lib/python3.10/site-packages/flwr/simulation/ray_transport/ray_client_proxy.py", line 170, in get_parameters
    message_out = self._submit_job(message, timeout)
  File "/home/amoleri/miniconda3/envs/federatedfactory_env/lib/python3.10/site-packages/flwr/simulation/ray_transport/ray_client_proxy.py", line 109, in _submit_job
    raise ex
  File "/home/amoleri/miniconda3/envs/federatedfactory_env/lib/python3.10/site-packages/flwr/simulation/ray_transport/ray_client_proxy.py", line 95, in _submit_job
    out_mssg, updated_context = self.actor_pool.get_client_result(
  File "/home/amoleri/miniconda3/envs/federatedfactory_env/lib/python3.10/site-packages/flwr/simulation/ray_transport/ray_actor.py", line 401, in get_client_result
    return self._fetch_future_result(cid)
  File "/home/amoleri/miniconda3/envs/federatedfactory_env/lib/python3.10/site-packages/flwr/simulation/ray_transport/ray_actor.py", line 282, in _fetch_future_result
    res_cid, out_mssg, updated_context = ray.get(
  File "/home/amoleri/miniconda3/envs/federatedfactory_env/lib/python3.10/site-packages/ray/_private/auto_init_hook.py", line 21, in auto_init_wrapper
    return fn(*args, **kwargs)
  File "/home/amoleri/miniconda3/envs/federatedfactory_env/lib/python3.10/site-packages/ray/_private/client_mode_hook.py", line 103, in wrapper
    return func(*args, **kwargs)
  File "/home/amoleri/miniconda3/envs/federatedfactory_env/lib/python3.10/site-packages/ray/_private/worker.py", line 2639, in get
    values, debugger_breakpoint = worker.get_objects(object_refs, timeout=timeout)
  File "/home/amoleri/miniconda3/envs/federatedfactory_env/lib/python3.10/site-packages/ray/_private/worker.py", line 864, in get_objects
    raise value.as_instanceof_cause()
ray.exceptions.RayTaskError(ClientAppException): [36mray::ClientAppActor.run()[39m (pid=4182505, ip=172.26.1.195, actor_id=22e2382d2b89cab388b4662b01000000, repr=<flwr.simulation.ray_transport.ray_actor.ClientAppActor object at 0x7746c06cf850>)
  File "/home/amoleri/miniconda3/envs/federatedfactory_env/lib/python3.10/site-packages/flwr/clientapp/client_app.py", line 144, in __call__
    return self._call(message, context)
  File "/home/amoleri/miniconda3/envs/federatedfactory_env/lib/python3.10/site-packages/flwr/clientapp/client_app.py", line 128, in ffn
    out_message = handle_legacy_message_from_msgtype(
  File "/home/amoleri/miniconda3/envs/federatedfactory_env/lib/python3.10/site-packages/flwr/client/message_handler/message_handler.py", line 119, in handle_legacy_message_from_msgtype
    get_parameters_res = maybe_call_get_parameters(
  File "/home/amoleri/miniconda3/envs/federatedfactory_env/lib/python3.10/site-packages/flwr/client/client.py", line 204, in maybe_call_get_parameters
    return client.get_parameters(get_parameters_ins)
  File "/hri/rawstreams/user/Interno/Moleri/PycharmProjects/FederatedFactory/bonus/baseline_central/tabular_xgboost.py", line 204, in get_parameters
    return GetPropertiesRes(properties={})
TypeError: GetPropertiesRes.__init__() missing 1 required positional argument: 'status'

The above exception was the direct cause of the following exception:

[36mray::ClientAppActor.run()[39m (pid=4182505, ip=172.26.1.195, actor_id=22e2382d2b89cab388b4662b01000000, repr=<flwr.simulation.ray_transport.ray_actor.ClientAppActor object at 0x7746c06cf850>)
  File "/home/amoleri/miniconda3/envs/federatedfactory_env/lib/python3.10/site-packages/flwr/simulation/ray_transport/ray_actor.py", line 64, in run
    raise ClientAppException(str(ex)) from ex
flwr.clientapp.client_app.ClientAppException: 
Exception ClientAppException occurred. Message: GetPropertiesRes.__init__() missing 1 required positional argument: 'status'

FL_XGB | ERROR flwr 2026-01-17 09:56:28,566 | legacy_app.py:368 | Your simulation crashed :(. This could be because of several reasons. The most common are: 
	 > Sometimes, issues in the simulation code itself can cause crashes. It's always a good idea to double-check your code for any potential bugs or inconsistencies that might be contributing to the problem. For example: 
		 - You might be using a class attribute in your clients that hasn't been defined.
		 - There could be an incorrect method call to a 3rd party library (e.g., PyTorch).
		 - The return types of methods in your clients/strategies might be incorrect.
	 > Your system couldn't fit a single VirtualClient: try lowering `client_resources`.
	 > All the actors in your pool crashed. This could be because: 
		 - You clients hit an out-of-memory (OOM) error and actors couldn't recover from it. Try launching your simulation with more generous `client_resources` setting (i.e. it seems {'num_cpus': 1} is not enough for your run). Use fewer concurrent actors. 
		 - You were running a multi-node simulation and all worker nodes disconnected. The head node might still be alive but cannot accommodate any actor with resources: {'num_cpus': 1}.
Take a look at the Flower simulation examples for guidance <https://flower.ai/docs/framework/how-to-run-simulations.html>.
